2026-09-13T20:24:55.993382Z 0 [System] [MY-013172] [Server] Received SHUTDOWN from user <via user signal>. Shutting down mysqld (Version: 8.0.46).
2026-09-13T20:24:55.993382Z 0 [System] [MY-013172] [Server] Received SHUTDOWN from user <via user signal>. Shutting down mysqld (Version: 8.0.46).
2026-09-13 20:25:10+00:00 [Note] [Entrypoint]: Entrypoint script for MySQL Server 8.0.46-1.el9 started.
2026-09-13 20:25:10+00:00 [Note] [Entrypoint]: Switching to dedicated user 'mysql'
2026-09-13 20:25:10+00:00 [Note] [Entrypoint]: Entrypoint script for MySQL Server 8.0.46-1.el9 started.
'/var/lib/mysql/mysql.sock' -> '/var/run/mysqld/mysqld.sock'
2026-09-13T20:25:11.092211Z 0 [Warning] [MY-011068] [Server] The syntax '--skip-host-cache' is deprecated and will be removed in a future release. Please use SET GLOBAL host_cache_size=0 instead.
2026-09-13T20:25:11.092238Z 0 [Warning] [MY-011070] [Server] 'binlog_format' is deprecated and will be removed in a future release.
2026-09-13T20:25:11.093163Z 0 [System] [MY-010116] [Server] /usr/sbin/mysqld (mysqld 8.0.46) starting as process 1
2026-09-13T20:25:11.099363Z 1 [System] [MY-013576] [InnoDB] InnoDB initialization has started.
2026-09-13T20:25:11.531203Z 1 [System] [MY-013577] [InnoDB] InnoDB initialization has ended.
2026-09-13T20:25:11.689355Z 0 [System] [MY-010229] [Server] Starting XA crash recovery...
2026-09-13T20:25:11.700127Z 0 [System] [MY-010232] [Server] XA crash recovery finished.
2026-09-13T20:25:11.852035Z 0 [Warning] [MY-010068] [Server] CA certificate ca.pem is self signed.
2026-09-13T20:25:11.852079Z 0 [System] [MY-013602] [Server] Channel mysql_main configured to support TLS. Encrypted connections are now supported for this channel.
2026-09-13T20:25:11.856868Z 0 [Warning] [MY-011810] [Server] Insecure configuration for --pid-file: Location '/var/run/mysqld' in the path is accessible to all OS users. Consider choosing a different directory.
2026-09-13T20:25:11.888668Z 0 [System] [MY-011323] [Server] X Plugin ready for connections. Bind-address: '::' port: 33060, socket: /var/run/mysqld/mysqlx.sock
2026-09-13T20:25:11.888777Z 0 [System] [MY-010931] [Server] /usr/sbin/mysqld: ready for connections. Version: '8.0.46'  socket: '/var/run/mysqld/mysqld.sock'  port: 3306  MySQL Community Server - GPL.
2026-09-13T20:28:36.682577Z 0 [System] [MY-013172] [Server] Received SHUTDOWN from user <via user signal>. Shutting down mysqld (Version: 8.0.46).
2026-09-13T20:28:36.682577Z 0 [System] [MY-013172] [Server] Received SHUTDOWN from user <via user signal>. Shutting down mysqld (Version: 8.0.46).
2026-09-13 20:28:51+00:00 [Note] [Entrypoint]: Entrypoint script for MySQL Server 8.0.46-1.el9 started.
2026-09-13 20:28:51+00:00 [Note] [Entrypoint]: Switching to dedicated user 'mysql'
2026-09-13 20:28:51+00:00 [Note] [Entrypoint]: Entrypoint script for MySQL Server 8.0.46-1.el9 started.
'/var/lib/mysql/mysql.sock' -> '/var/run/mysqld/mysqld.sock'
2026-09-13T20:28:51.699246Z 0 [Warning] [MY-011068] [Server] The syntax '--skip-host-cache' is deprecated and will be removed in a future release. Please use SET GLOBAL host_cache_size=0 instead.
2026-09-13T20:28:51.699289Z 0 [Warning] [MY-011070] [Server] 'binlog_format' is deprecated and will be removed in a future release.
2026-09-13T20:28:51.701122Z 0 [System] [MY-010116] [Server] /usr/sbin/mysqld (mysqld 8.0.46) starting as process 1
2026-09-13T20:28:51.707036Z 1 [System] [MY-013576] [InnoDB] InnoDB initialization has started.
2026-09-13T20:28:52.125479Z 1 [System] [MY-013577] [InnoDB] InnoDB initialization has ended.
2026-09-13T20:28:52.315446Z 0 [System] [MY-010229] [Server] Starting XA crash recovery...
2026-09-13T20:28:52.325133Z 0 [System] [MY-010232] [Server] XA crash recovery finished.
2026-09-13T20:28:52.465443Z 0 [Warning] [MY-010068] [Server] CA certificate ca.pem is self signed.
2026-09-13T20:28:52.465480Z 0 [System] [MY-013602] [Server] Channel mysql_main configured to support TLS. Encrypted connections are now supported for this channel.
2026-09-13T20:28:52.471926Z 0 [Warning] [MY-011810] [Server] Insecure configuration for --pid-file: Location '/var/run/mysqld' in the path is accessible to all OS users. Consider choosing a different directory.
2026-09-13T20:28:52.502269Z 0 [System] [MY-011323] [Server] X Plugin ready for connections. Bind-address: '::' port: 33060, socket: /var/run/mysqld/mysqlx.sock
2026-09-13T20:28:52.502359Z 0 [System] [MY-010931] [Server] /usr/sbin/mysqld: ready for connections. Version: '8.0.46'  socket: '/var/run/mysqld/mysqld.sock'  port: 3306  MySQL Community Server - GPL.
